// Jest Snapshot v1, https://goo.gl/fbAQLP

exports[`App component renders App 1`] = `
<DocumentFragment>
  <div>
    Color Changer
  </div>
  <button>
    undo
  </button>
  <button>
    redo
  </button>
  <input
    type="color"
    value="#FF0000"
  />
  <div
    style="background-color: rgb(255, 0, 0); width: 10rem; height: 10rem;"
  />
</DocumentFragment>
`;
